
> widle.ai@0.1.0 dev
> next dev

▲ Next.js 16.2.7 (Turbopack)
- Local:         http://localhost:3000
- Network:       http://192.168.0.2:3000
✓ Ready in 838ms
SyntaxError: Expected property name or '}' in JSON at position 239229 (line 6794 column 1)
    at JSON.parse (<anonymous>)

○ Compiling / ...
⨯ ./components/service-card.tsx:24:1
'import', and 'export' cannot be used outside of module code
  [90m22 |[0m
  [90m23 |[0m [36mexport[0m [36mfunction[0m [33mServiceCard[0m({ icon: [33mIcon[0m, title, description, href, badgeImage, badgeText ...
[31m[1m>[0m [90m24 |[0m [36mexport[0m [36mfunction[0m [33mServiceCard[0m({ icon: [33mIcon[0m, title, description, href, badgeImage, badgeText ...
  [90m   |[0m [31m[1m^^^^^^[0m
  [90m25 |[0m   [36mreturn[0m (
  [90m26 |[0m     <[33mAnimateIn[0m direction=[32m"up"[0m>
  [90m27 |[0m       <div className=[32m"group relative rounded-xl border border-border bg-card p-6 transitio...[0m

Parsing ecmascript source code failed

Import trace:
  Server Component:
    ./components/service-card.tsx
    ./app/page.tsx



./components/footer.tsx:141:1
Unexpected token. Did you mean `{'}'}` or `&rbrace;`?
  [90m139 |[0m     </footer>
  [90m140 |[0m   )
[31m[1m>[0m [90m141 |[0m }
  [90m    |[0m [31m[1m^[0m
  [90m142 |[0m

Parsing ecmascript source code failed

Import trace:
  Server Component:
    ./components/footer.tsx
    ./app/page.tsx


 GET / 500 in 10.3s (next.js: 10.0s, application-code: 303ms)
[browser] Uncaught Error: ./components/service-card.tsx:24:1
'import', and 'export' cannot be used outside of module code
  22 |
  23 | export function ServiceCard({ icon: Icon, title, description, href, badgeImage, badgeText ...
> 24 | export function ServiceCard({ icon: Icon, title, description, href, badgeImage, badgeText ...
     | ^^^^^^
  25 |   return (
  26 |     <AnimateIn direction="up">
  27 |       <div className="group relative rounded-xl border border-border bg-card p-6 transitio...

Parsing ecmascript source code failed

Import trace:
  Server Component:
    ./components/service-card.tsx
    ./app/page.tsx


    at <unknown> (Error: ./components/service-card.tsx:24:1)
    at <unknown> (Error: (./components/service-card.tsx:24:1)
[browser] ./components/service-card.tsx:24:1
'import', and 'export' cannot be used outside of module code
  22 |
  23 | export function ServiceCard({ icon: Icon, title, description, href, badgeImage, badgeText ...
> 24 | export function ServiceCard({ icon: Icon, title, description, href, badgeImage, badgeText ...
     | ^^^^^^
  25 |   return (
  26 |     <AnimateIn direction="up">
  27 |       <div className="group relative rounded-xl border border-border bg-card p-6 transitio...

Parsing ecmascript source code failed

Import trace:
  Server Component:
    ./components/service-card.tsx
    ./app/page.tsx
[browser] ./components/footer.tsx:141:1
Unexpected token. Did you mean `{'}'}` or `&rbrace;`?
  139 |     </footer>
  140 |   )
> 141 | }
      | ^
  142 |

Parsing ecmascript source code failed

Import trace:
  Server Component:
    ./components/footer.tsx
    ./app/page.tsx
[browser] ./components/service-card.tsx:24:1
'import', and 'export' cannot be used outside of module code
  22 |
  23 | export function ServiceCard({ icon: Icon, title, description, href, badgeImage, badgeText ...
> 24 | export function ServiceCard({ icon: Icon, title, description, href, badgeImage, badgeText ...
     | ^^^^^^
  25 |   return (
  26 |     <AnimateIn direction="up">
  27 |       <div className="group relative rounded-xl border border-border bg-card p-6 transitio...

Parsing ecmascript source code failed

Import trace:
  Server Component:
    ./components/service-card.tsx
    ./app/page.tsx
[browser] ./components/footer.tsx:141:1
Unexpected token. Did you mean `{'}'}` or `&rbrace;`?
  139 |     </footer>
  140 |   )
> 141 | }
      | ^
  142 |

Parsing ecmascript source code failed

Import trace:
  Server Component:
    ./components/footer.tsx
    ./app/page.tsx
[browser] ./components/service-card.tsx:24:1
'import', and 'export' cannot be used outside of module code
  22 |
  23 | export function ServiceCard({ icon: Icon, title, description, href, badgeImage, badgeText ...
> 24 | export function ServiceCard({ icon: Icon, title, description, href, badgeImage, badgeText ...
     | ^^^^^^
  25 |   return (
  26 |     <AnimateIn direction="up">
  27 |       <div className="group relative rounded-xl border border-border bg-card p-6 transitio...

Parsing ecmascript source code failed

Import trace:
  Server Component:
    ./components/service-card.tsx
    ./app/page.tsx
[browser] ./components/footer.tsx:141:1
Unexpected token. Did you mean `{'}'}` or `&rbrace;`?
  139 |     </footer>
  140 |   )
> 141 | }
      | ^
  142 |

Parsing ecmascript source code failed

Import trace:
  Server Component:
    ./components/footer.tsx
    ./app/page.tsx
[browser] ./components/service-card.tsx:24:1
'import', and 'export' cannot be used outside of module code
  22 |
  23 | export function ServiceCard({ icon: Icon, title, description, href, badgeImage, badgeText ...
> 24 | export function ServiceCard({ icon: Icon, title, description, href, badgeImage, badgeText ...
     | ^^^^^^
  25 |   return (
  26 |     <AnimateIn direction="up">
  27 |       <div className="group relative rounded-xl border border-border bg-card p-6 transitio...

Parsing ecmascript source code failed

Import trace:
  Server Component:
    ./components/service-card.tsx
    ./app/page.tsx
[browser] ./components/footer.tsx:141:1
Unexpected token. Did you mean `{'}'}` or `&rbrace;`?
  139 |     </footer>
  140 |   )
> 141 | }
      | ^
  142 |

Parsing ecmascript source code failed

Import trace:
  Server Component:
    ./components/footer.tsx
    ./app/page.tsx
